[5.149s] Invoking command in '/home/harsh/ros2_ws/src/mars_orders': DEBUGINFOD_URLS=https://debuginfod.ubuntu.com PYTHONPATH=/home/harsh/ros2_ws/build/mars_orders/prefix_override:/usr/lib/python3/dist-packages/colcon_core/task/python/colcon_distutils_commands:/home/harsh/ros2_ws/install/mars_orders/lib/python3.12/site-packages:${PYTHONPATH} /usr/bin/python3 -W ignore:setup.py install is deprecated -W ignore:easy_install command is deprecated setup.py egg_info --egg-base ../../build/mars_orders build --build-base /home/harsh/ros2_ws/build/mars_orders/build install --record /home/harsh/ros2_ws/build/mars_orders/install.log --install-scripts $base/lib/mars_orders --single-version-externally-managed install_data
[5.312s] running egg_info
[5.321s] writing ../../build/mars_orders/mars_orders.egg-info/PKG-INFO
[5.321s] writing dependency_links to ../../build/mars_orders/mars_orders.egg-info/dependency_links.txt
[5.322s] writing entry points to ../../build/mars_orders/mars_orders.egg-info/entry_points.txt
[5.322s] writing requirements to ../../build/mars_orders/mars_orders.egg-info/requires.txt
[5.322s] writing top-level names to ../../build/mars_orders/mars_orders.egg-info/top_level.txt
[5.342s] reading manifest file '../../build/mars_orders/mars_orders.egg-info/SOURCES.txt'
[5.343s] writing manifest file '../../build/mars_orders/mars_orders.egg-info/SOURCES.txt'
[5.343s] running build
[5.343s] running build_py
[5.343s] copying mars_orders/arm_controller.py -> /home/harsh/ros2_ws/build/mars_orders/build/lib/mars_orders
[5.343s] running install
[5.347s] running install_lib
[5.356s] copying /home/harsh/ros2_ws/build/mars_orders/build/lib/mars_orders/arm_controller.py -> /home/harsh/ros2_ws/install/mars_orders/lib/python3.12/site-packages/mars_orders
[5.357s] byte-compiling /home/harsh/ros2_ws/install/mars_orders/lib/python3.12/site-packages/mars_orders/arm_controller.py to arm_controller.cpython-312.pyc
[5.358s] running install_data
[5.358s] copying launch/orders.launch.py -> /home/harsh/ros2_ws/install/mars_orders/share/mars_orders/launch
[5.358s] copying config/pick_sequence.yaml -> /home/harsh/ros2_ws/install/mars_orders/share/mars_orders/config
[5.358s] copying config/locations.yaml -> /home/harsh/ros2_ws/install/mars_orders/share/mars_orders/config
[5.358s] running install_egg_info
[5.369s] removing '/home/harsh/ros2_ws/install/mars_orders/lib/python3.12/site-packages/mars_orders-0.1.0-py3.12.egg-info' (and everything under it)
[5.369s] Copying ../../build/mars_orders/mars_orders.egg-info to /home/harsh/ros2_ws/install/mars_orders/lib/python3.12/site-packages/mars_orders-0.1.0-py3.12.egg-info
[5.396s] running install_scripts
[5.474s] Installing arm_controller script to /home/harsh/ros2_ws/install/mars_orders/lib/mars_orders
[5.474s] Installing mock_arm script to /home/harsh/ros2_ws/install/mars_orders/lib/mars_orders
[5.474s] Installing mock_nav script to /home/harsh/ros2_ws/install/mars_orders/lib/mars_orders
[5.474s] Installing order_manager script to /home/harsh/ros2_ws/install/mars_orders/lib/mars_orders
[5.474s] writing list of installed files to '/home/harsh/ros2_ws/build/mars_orders/install.log'
[5.492s] Invoked command in '/home/harsh/ros2_ws/src/mars_orders' returned '0': DEBUGINFOD_URLS=https://debuginfod.ubuntu.com PYTHONPATH=/home/harsh/ros2_ws/build/mars_orders/prefix_override:/usr/lib/python3/dist-packages/colcon_core/task/python/colcon_distutils_commands:/home/harsh/ros2_ws/install/mars_orders/lib/python3.12/site-packages:${PYTHONPATH} /usr/bin/python3 -W ignore:setup.py install is deprecated -W ignore:easy_install command is deprecated setup.py egg_info --egg-base ../../build/mars_orders build --build-base /home/harsh/ros2_ws/build/mars_orders/build install --record /home/harsh/ros2_ws/build/mars_orders/install.log --install-scripts $base/lib/mars_orders --single-version-externally-managed install_data
