[0.011s] Invoking command in '/home/harsh/ros2_ws/build/mars': CMAKE_PREFIX_PATH=${CMAKE_PREFIX_PATH}:/opt/ros/jazzy DEBUGINFOD_URLS=https://debuginfod.ubuntu.com /usr/bin/cmake /home/harsh/ros2_ws/src/mars -DCMAKE_INSTALL_PREFIX=/home/harsh/ros2_ws/install/mars
[0.026s] -- Found ament_cmake: 2.5.6 (/opt/ros/jazzy/share/ament_cmake/cmake)
[0.188s] -- Override CMake install command with custom implementation using symlinks instead of copying resources
[0.192s] -- Found rclcpp: 28.1.22 (/opt/ros/jazzy/share/rclcpp/cmake)
[0.212s] -- Found rosidl_generator_c: 4.6.9 (/opt/ros/jazzy/share/rosidl_generator_c/cmake)
[0.218s] -- Found rosidl_generator_cpp: 4.6.9 (/opt/ros/jazzy/share/rosidl_generator_cpp/cmake)
[0.225s] -- Using all available rosidl_typesupport_c: rosidl_typesupport_fastrtps_c;rosidl_typesupport_introspection_c
[0.233s] -- Using all available rosidl_typesupport_cpp: rosidl_typesupport_fastrtps_cpp;rosidl_typesupport_introspection_cpp
[0.271s] -- Found rmw_implementation_cmake: 7.3.3 (/opt/ros/jazzy/share/rmw_implementation_cmake/cmake)
[0.271s] -- Found rmw_fastrtps_cpp: 8.4.4 (/opt/ros/jazzy/share/rmw_fastrtps_cpp/cmake)
[0.324s] -- Using RMW implementation 'rmw_fastrtps_cpp' as default
[0.370s] -- Found ament_lint_auto: 0.17.5 (/opt/ros/jazzy/share/ament_lint_auto/cmake)
[0.439s] -- Added test 'flake8' to check Python code syntax and style conventions
[0.439s] -- Configured 'flake8' exclude dirs and/or files: 
[0.439s] -- Added test 'lint_cmake' to check CMake code style
[0.439s] -- Added test 'pep257' to check Python code against some of the docstring style conventions in PEP 257
[0.441s] -- Added test 'xmllint' to check XML markup files
[0.442s] -- Configuring done (0.4s)
[0.445s] -- Generating done (0.0s)
[0.446s] -- Build files have been written to: /home/harsh/ros2_ws/build/mars
[0.454s] Invoked command in '/home/harsh/ros2_ws/build/mars' returned '0': CMAKE_PREFIX_PATH=${CMAKE_PREFIX_PATH}:/opt/ros/jazzy DEBUGINFOD_URLS=https://debuginfod.ubuntu.com /usr/bin/cmake /home/harsh/ros2_ws/src/mars -DCMAKE_INSTALL_PREFIX=/home/harsh/ros2_ws/install/mars
[0.455s] Invoking command in '/home/harsh/ros2_ws/build/mars': CMAKE_PREFIX_PATH=${CMAKE_PREFIX_PATH}:/opt/ros/jazzy DEBUGINFOD_URLS=https://debuginfod.ubuntu.com /usr/bin/cmake --build /home/harsh/ros2_ws/build/mars -- -j12 -l12
[0.500s] Invoked command in '/home/harsh/ros2_ws/build/mars' returned '0': CMAKE_PREFIX_PATH=${CMAKE_PREFIX_PATH}:/opt/ros/jazzy DEBUGINFOD_URLS=https://debuginfod.ubuntu.com /usr/bin/cmake --build /home/harsh/ros2_ws/build/mars -- -j12 -l12
[0.513s] Invoking command in '/home/harsh/ros2_ws/build/mars': CMAKE_PREFIX_PATH=${CMAKE_PREFIX_PATH}:/opt/ros/jazzy DEBUGINFOD_URLS=https://debuginfod.ubuntu.com /usr/bin/cmake --install /home/harsh/ros2_ws/build/mars
[0.522s] -- Install configuration: ""
[0.522s] -- Execute custom install script
[0.523s] -- Up-to-date symlink: /home/harsh/ros2_ws/install/mars/share/mars/launch/gazebo_model.launch.py
[0.523s] -- Up-to-date symlink: /home/harsh/ros2_ws/install/mars/share/mars/launch/slam_mapping.launch.py
[0.523s] -- Up-to-date symlink: /home/harsh/ros2_ws/install/mars/share/mars/description/arm/macros.xacro
[0.523s] -- Up-to-date symlink: /home/harsh/ros2_ws/install/mars/share/mars/description/arm/meshes/base_motor_holder_so101_v1.stl
[0.523s] -- Up-to-date symlink: /home/harsh/ros2_ws/install/mars/share/mars/description/arm/meshes/base_so101_v2.stl
[0.523s] -- Up-to-date symlink: /home/harsh/ros2_ws/install/mars/share/mars/description/arm/meshes/handle_so101_v1.stl
[0.523s] -- Up-to-date symlink: /home/harsh/ros2_ws/install/mars/share/mars/description/arm/meshes/motor_holder_so101_base_v1.stl
[0.523s] -- Up-to-date symlink: /home/harsh/ros2_ws/install/mars/share/mars/description/arm/meshes/motor_holder_so101_wrist_v1.stl
[0.523s] -- Up-to-date symlink: /home/harsh/ros2_ws/install/mars/share/mars/description/arm/meshes/moving_jaw_so101_v1.stl
[0.523s] -- Up-to-date symlink: /home/harsh/ros2_ws/install/mars/share/mars/description/arm/meshes/rotation_pitch_so101_v1.stl
[0.523s] -- Up-to-date symlink: /home/harsh/ros2_ws/install/mars/share/mars/description/arm/meshes/sts3215_03a_no_horn_v1.stl
[0.523s] -- Up-to-date symlink: /home/harsh/ros2_ws/install/mars/share/mars/description/arm/meshes/sts3215_03a_v1.stl
[0.524s] -- Up-to-date symlink: /home/harsh/ros2_ws/install/mars/share/mars/description/arm/meshes/trigger_so101_v1.stl
[0.524s] -- Up-to-date symlink: /home/harsh/ros2_ws/install/mars/share/mars/description/arm/meshes/under_arm_so101_v1.stl
[0.524s] -- Up-to-date symlink: /home/harsh/ros2_ws/install/mars/share/mars/description/arm/meshes/upper_arm_so101_v1.stl
[0.524s] -- Up-to-date symlink: /home/harsh/ros2_ws/install/mars/share/mars/description/arm/meshes/waveshare_mounting_plate_so101_v2.stl
[0.524s] -- Up-to-date symlink: /home/harsh/ros2_ws/install/mars/share/mars/description/arm/meshes/wrist_roll_follower_so101_v1.stl
[0.524s] -- Up-to-date symlink: /home/harsh/ros2_ws/install/mars/share/mars/description/arm/meshes/wrist_roll_pitch_so101_v2.stl
[0.524s] -- Up-to-date symlink: /home/harsh/ros2_ws/install/mars/share/mars/description/arm/meshes/wrist_roll_so101_v1.stl
[0.524s] -- Up-to-date symlink: /home/harsh/ros2_ws/install/mars/share/mars/description/arm/so101.xacro
[0.524s] -- Up-to-date symlink: /home/harsh/ros2_ws/install/mars/share/mars/description/arm/so101_arm.xacro
[0.524s] -- Up-to-date symlink: /home/harsh/ros2_ws/install/mars/share/mars/description/arm/so101_end_effector.xacro
[0.524s] -- Up-to-date symlink: /home/harsh/ros2_ws/install/mars/share/mars/description/robot.gazebo
[0.524s] -- Up-to-date symlink: /home/harsh/ros2_ws/install/mars/share/mars/description/robot.xacro
[0.524s] -- Up-to-date symlink: /home/harsh/ros2_ws/install/mars/share/mars/config/bridge_parameters.yaml
[0.524s] -- Up-to-date symlink: /home/harsh/ros2_ws/install/mars/share/mars/config/mapper_params_online_async.yaml
[0.525s] -- Up-to-date symlink: /home/harsh/ros2_ws/install/mars/share/mars/config/nav2_params.yaml
[0.525s] -- Up-to-date symlink: /home/harsh/ros2_ws/install/mars/share/mars/config/warehouse_locations.yaml
[0.525s] -- Up-to-date symlink: /home/harsh/ros2_ws/install/mars/share/mars/maps/my_clean_room.pgm
[0.525s] -- Up-to-date symlink: /home/harsh/ros2_ws/install/mars/share/mars/maps/my_clean_room.yaml
[0.525s] -- Up-to-date symlink: /home/harsh/ros2_ws/install/mars/share/mars/worlds/obstacles.world
[0.525s] -- Up-to-date symlink: /home/harsh/ros2_ws/install/mars/share/mars/worlds/textures/qr_APPLE001.png
[0.525s] -- Up-to-date symlink: /home/harsh/ros2_ws/install/mars/share/mars/worlds/textures/qr_BANANA001.png
[0.525s] -- Up-to-date symlink: /home/harsh/ros2_ws/install/mars/share/mars/worlds/textures/qr_GRAPES001.png
[0.525s] -- Up-to-date symlink: /home/harsh/ros2_ws/install/mars/share/ament_index/resource_index/package_run_dependencies/mars
[0.525s] -- Up-to-date symlink: /home/harsh/ros2_ws/install/mars/share/ament_index/resource_index/parent_prefix_path/mars
[0.525s] -- Up-to-date symlink: /home/harsh/ros2_ws/install/mars/share/mars/environment/ament_prefix_path.sh
[0.526s] -- Up-to-date symlink: /home/harsh/ros2_ws/install/mars/share/mars/environment/ament_prefix_path.dsv
[0.526s] -- Up-to-date symlink: /home/harsh/ros2_ws/install/mars/share/mars/environment/path.sh
[0.526s] -- Up-to-date symlink: /home/harsh/ros2_ws/install/mars/share/mars/environment/path.dsv
[0.526s] -- Up-to-date symlink: /home/harsh/ros2_ws/install/mars/share/mars/local_setup.bash
[0.526s] -- Up-to-date symlink: /home/harsh/ros2_ws/install/mars/share/mars/local_setup.sh
[0.526s] -- Up-to-date symlink: /home/harsh/ros2_ws/install/mars/share/mars/local_setup.zsh
[0.526s] -- Up-to-date symlink: /home/harsh/ros2_ws/install/mars/share/mars/local_setup.dsv
[0.526s] -- Symlinking: /home/harsh/ros2_ws/install/mars/share/mars/package.dsv
[0.537s] -- Up-to-date symlink: /home/harsh/ros2_ws/install/mars/share/ament_index/resource_index/packages/mars
[0.537s] -- Up-to-date symlink: /home/harsh/ros2_ws/install/mars/share/mars/cmake/marsConfig.cmake
[0.537s] -- Up-to-date symlink: /home/harsh/ros2_ws/install/mars/share/mars/cmake/marsConfig-version.cmake
[0.537s] -- Up-to-date symlink: /home/harsh/ros2_ws/install/mars/share/mars/package.xml
[0.539s] Invoked command in '/home/harsh/ros2_ws/build/mars' returned '0': CMAKE_PREFIX_PATH=${CMAKE_PREFIX_PATH}:/opt/ros/jazzy DEBUGINFOD_URLS=https://debuginfod.ubuntu.com /usr/bin/cmake --install /home/harsh/ros2_ws/build/mars
