running egg_info
creating ../../build/mars_orders/mars_orders.egg-info
writing ../../build/mars_orders/mars_orders.egg-info/PKG-INFO
writing dependency_links to ../../build/mars_orders/mars_orders.egg-info/dependency_links.txt
writing entry points to ../../build/mars_orders/mars_orders.egg-info/entry_points.txt
writing requirements to ../../build/mars_orders/mars_orders.egg-info/requires.txt
writing top-level names to ../../build/mars_orders/mars_orders.egg-info/top_level.txt
writing manifest file '../../build/mars_orders/mars_orders.egg-info/SOURCES.txt'
reading manifest file '../../build/mars_orders/mars_orders.egg-info/SOURCES.txt'
writing manifest file '../../build/mars_orders/mars_orders.egg-info/SOURCES.txt'
running build
running build_py
creating /home/harsh/ros2_ws/build/mars_orders/build
creating /home/harsh/ros2_ws/build/mars_orders/build/lib
creating /home/harsh/ros2_ws/build/mars_orders/build/lib/mars_orders
copying mars_orders/qr_utils.py -> /home/harsh/ros2_ws/build/mars_orders/build/lib/mars_orders
copying mars_orders/mock_nav.py -> /home/harsh/ros2_ws/build/mars_orders/build/lib/mars_orders
copying mars_orders/order_manager.py -> /home/harsh/ros2_ws/build/mars_orders/build/lib/mars_orders
copying mars_orders/__init__.py -> /home/harsh/ros2_ws/build/mars_orders/build/lib/mars_orders
copying mars_orders/mock_arm.py -> /home/harsh/ros2_ws/build/mars_orders/build/lib/mars_orders
copying mars_orders/order_store.py -> /home/harsh/ros2_ws/build/mars_orders/build/lib/mars_orders
running install
running install_lib
creating /home/harsh/ros2_ws/install/mars_orders/lib/python3.12/site-packages/mars_orders
copying /home/harsh/ros2_ws/build/mars_orders/build/lib/mars_orders/qr_utils.py -> /home/harsh/ros2_ws/install/mars_orders/lib/python3.12/site-packages/mars_orders
copying /home/harsh/ros2_ws/build/mars_orders/build/lib/mars_orders/mock_nav.py -> /home/harsh/ros2_ws/install/mars_orders/lib/python3.12/site-packages/mars_orders
copying /home/harsh/ros2_ws/build/mars_orders/build/lib/mars_orders/order_manager.py -> /home/harsh/ros2_ws/install/mars_orders/lib/python3.12/site-packages/mars_orders
copying /home/harsh/ros2_ws/build/mars_orders/build/lib/mars_orders/__init__.py -> /home/harsh/ros2_ws/install/mars_orders/lib/python3.12/site-packages/mars_orders
copying /home/harsh/ros2_ws/build/mars_orders/build/lib/mars_orders/mock_arm.py -> /home/harsh/ros2_ws/install/mars_orders/lib/python3.12/site-packages/mars_orders
copying /home/harsh/ros2_ws/build/mars_orders/build/lib/mars_orders/order_store.py -> /home/harsh/ros2_ws/install/mars_orders/lib/python3.12/site-packages/mars_orders
byte-compiling /home/harsh/ros2_ws/install/mars_orders/lib/python3.12/site-packages/mars_orders/qr_utils.py to qr_utils.cpython-312.pyc
byte-compiling /home/harsh/ros2_ws/install/mars_orders/lib/python3.12/site-packages/mars_orders/mock_nav.py to mock_nav.cpython-312.pyc
byte-compiling /home/harsh/ros2_ws/install/mars_orders/lib/python3.12/site-packages/mars_orders/order_manager.py to order_manager.cpython-312.pyc
byte-compiling /home/harsh/ros2_ws/install/mars_orders/lib/python3.12/site-packages/mars_orders/__init__.py to __init__.cpython-312.pyc
byte-compiling /home/harsh/ros2_ws/install/mars_orders/lib/python3.12/site-packages/mars_orders/mock_arm.py to mock_arm.cpython-312.pyc
byte-compiling /home/harsh/ros2_ws/install/mars_orders/lib/python3.12/site-packages/mars_orders/order_store.py to order_store.cpython-312.pyc
running install_data
creating /home/harsh/ros2_ws/install/mars_orders/share/ament_index
creating /home/harsh/ros2_ws/install/mars_orders/share/ament_index/resource_index
creating /home/harsh/ros2_ws/install/mars_orders/share/ament_index/resource_index/packages
copying resource/mars_orders -> /home/harsh/ros2_ws/install/mars_orders/share/ament_index/resource_index/packages
copying package.xml -> /home/harsh/ros2_ws/install/mars_orders/share/mars_orders
creating /home/harsh/ros2_ws/install/mars_orders/share/mars_orders/launch
copying launch/orders.launch.py -> /home/harsh/ros2_ws/install/mars_orders/share/mars_orders/launch
creating /home/harsh/ros2_ws/install/mars_orders/share/mars_orders/config
copying config/locations.yaml -> /home/harsh/ros2_ws/install/mars_orders/share/mars_orders/config
running install_egg_info
Copying ../../build/mars_orders/mars_orders.egg-info to /home/harsh/ros2_ws/install/mars_orders/lib/python3.12/site-packages/mars_orders-0.1.0-py3.12.egg-info
running install_scripts
Installing mock_arm script to /home/harsh/ros2_ws/install/mars_orders/lib/mars_orders
Installing mock_nav script to /home/harsh/ros2_ws/install/mars_orders/lib/mars_orders
Installing order_manager script to /home/harsh/ros2_ws/install/mars_orders/lib/mars_orders
writing list of installed files to '/home/harsh/ros2_ws/build/mars_orders/install.log'
