/home/harsh/ros2_ws/install/mars_orders/lib/python3.12/site-packages/mars_orders/qr_utils.py
/home/harsh/ros2_ws/install/mars_orders/lib/python3.12/site-packages/mars_orders/mock_nav.py
/home/harsh/ros2_ws/install/mars_orders/lib/python3.12/site-packages/mars_orders/order_manager.py
/home/harsh/ros2_ws/install/mars_orders/lib/python3.12/site-packages/mars_orders/__init__.py
/home/harsh/ros2_ws/install/mars_orders/lib/python3.12/site-packages/mars_orders/mock_arm.py
/home/harsh/ros2_ws/install/mars_orders/lib/python3.12/site-packages/mars_orders/order_store.py
/home/harsh/ros2_ws/install/mars_orders/lib/python3.12/site-packages/mars_orders/__pycache__/qr_utils.cpython-312.pyc
/home/harsh/ros2_ws/install/mars_orders/lib/python3.12/site-packages/mars_orders/__pycache__/mock_nav.cpython-312.pyc
/home/harsh/ros2_ws/install/mars_orders/lib/python3.12/site-packages/mars_orders/__pycache__/order_manager.cpython-312.pyc
/home/harsh/ros2_ws/install/mars_orders/lib/python3.12/site-packages/mars_orders/__pycache__/__init__.cpython-312.pyc
/home/harsh/ros2_ws/install/mars_orders/lib/python3.12/site-packages/mars_orders/__pycache__/mock_arm.cpython-312.pyc
/home/harsh/ros2_ws/install/mars_orders/lib/python3.12/site-packages/mars_orders/__pycache__/order_store.cpython-312.pyc
/home/harsh/ros2_ws/install/mars_orders/share/ament_index/resource_index/packages/mars_orders
/home/harsh/ros2_ws/install/mars_orders/share/mars_orders/package.xml
/home/harsh/ros2_ws/install/mars_orders/share/mars_orders/launch/orders.launch.py
/home/harsh/ros2_ws/install/mars_orders/share/mars_orders/config/locations.yaml
/home/harsh/ros2_ws/install/mars_orders/lib/python3.12/site-packages/mars_orders-0.1.0-py3.12.egg-info/SOURCES.txt
/home/harsh/ros2_ws/install/mars_orders/lib/python3.12/site-packages/mars_orders-0.1.0-py3.12.egg-info/top_level.txt
/home/harsh/ros2_ws/install/mars_orders/lib/python3.12/site-packages/mars_orders-0.1.0-py3.12.egg-info/PKG-INFO
/home/harsh/ros2_ws/install/mars_orders/lib/python3.12/site-packages/mars_orders-0.1.0-py3.12.egg-info/requires.txt
/home/harsh/ros2_ws/install/mars_orders/lib/python3.12/site-packages/mars_orders-0.1.0-py3.12.egg-info/entry_points.txt
/home/harsh/ros2_ws/install/mars_orders/lib/python3.12/site-packages/mars_orders-0.1.0-py3.12.egg-info/zip-safe
/home/harsh/ros2_ws/install/mars_orders/lib/python3.12/site-packages/mars_orders-0.1.0-py3.12.egg-info/dependency_links.txt
/home/harsh/ros2_ws/install/mars_orders/lib/mars_orders/mock_arm
/home/harsh/ros2_ws/install/mars_orders/lib/mars_orders/mock_nav
/home/harsh/ros2_ws/install/mars_orders/lib/mars_orders/order_manager
