[0.506s] Invoking command in '/home/harsh/ros2_ws/build/mars': CMAKE_PREFIX_PATH=${CMAKE_PREFIX_PATH}:/opt/ros/jazzy DEBUGINFOD_URLS=https://debuginfod.ubuntu.com /usr/bin/cmake --build /home/harsh/ros2_ws/build/mars -- -j12 -l12
[2.751s] Invoked command in '/home/harsh/ros2_ws/build/mars' returned '0': CMAKE_PREFIX_PATH=${CMAKE_PREFIX_PATH}:/opt/ros/jazzy DEBUGINFOD_URLS=https://debuginfod.ubuntu.com /usr/bin/cmake --build /home/harsh/ros2_ws/build/mars -- -j12 -l12
[2.853s] Invoking command in '/home/harsh/ros2_ws/build/mars': CMAKE_PREFIX_PATH=${CMAKE_PREFIX_PATH}:/opt/ros/jazzy DEBUGINFOD_URLS=https://debuginfod.ubuntu.com /usr/bin/cmake --install /home/harsh/ros2_ws/build/mars
[2.874s] -- Install configuration: ""
[2.930s] -- Execute custom install script
[2.982s] -- Up-to-date symlink: /home/harsh/ros2_ws/install/mars/share/mars/launch/gazebo_model.launch.py
[2.983s] -- Up-to-date symlink: /home/harsh/ros2_ws/install/mars/share/mars/launch/navigation.launch.py
[2.983s] -- Up-to-date symlink: /home/harsh/ros2_ws/install/mars/share/mars/launch/slam_mapping.launch.py
[2.994s] -- Up-to-date symlink: /home/harsh/ros2_ws/install/mars/share/mars/description/arm/macros.xacro
[2.995s] -- Up-to-date symlink: /home/harsh/ros2_ws/install/mars/share/mars/description/arm/meshes/base_motor_holder_so101_v1.stl
[2.995s] -- Up-to-date symlink: /home/harsh/ros2_ws/install/mars/share/mars/description/arm/meshes/base_so101_v2.stl
[3.022s] -- Up-to-date symlink: /home/harsh/ros2_ws/install/mars/share/mars/description/arm/meshes/handle_so101_v1.stl
[3.023s] -- Up-to-date symlink: /home/harsh/ros2_ws/install/mars/share/mars/description/arm/meshes/motor_holder_so101_base_v1.stl
[3.024s] -- Up-to-date symlink: /home/harsh/ros2_ws/install/mars/share/mars/description/arm/meshes/motor_holder_so101_wrist_v1.stl
[3.024s] -- Up-to-date symlink: /home/harsh/ros2_ws/install/mars/share/mars/description/arm/meshes/moving_jaw_so101_v1.stl
[3.024s] -- Up-to-date symlink: /home/harsh/ros2_ws/install/mars/share/mars/description/arm/meshes/rotation_pitch_so101_v1.stl
[3.083s] -- Up-to-date symlink: /home/harsh/ros2_ws/install/mars/share/mars/description/arm/meshes/sts3215_03a_no_horn_v1.stl
[3.083s] -- Up-to-date symlink: /home/harsh/ros2_ws/install/mars/share/mars/description/arm/meshes/sts3215_03a_v1.stl
[3.084s] -- Up-to-date symlink: /home/harsh/ros2_ws/install/mars/share/mars/description/arm/meshes/trigger_so101_v1.stl
[3.085s] -- Up-to-date symlink: /home/harsh/ros2_ws/install/mars/share/mars/description/arm/meshes/under_arm_so101_v1.stl
[3.085s] -- Up-to-date symlink: /home/harsh/ros2_ws/install/mars/share/mars/description/arm/meshes/upper_arm_so101_v1.stl
[3.113s] -- Up-to-date symlink: /home/harsh/ros2_ws/install/mars/share/mars/description/arm/meshes/waveshare_mounting_plate_so101_v2.stl
[3.114s] -- Up-to-date symlink: /home/harsh/ros2_ws/install/mars/share/mars/description/arm/meshes/wrist_roll_follower_so101_v1.stl
[3.115s] -- Up-to-date symlink: /home/harsh/ros2_ws/install/mars/share/mars/description/arm/meshes/wrist_roll_pitch_so101_v2.stl
[3.115s] -- Up-to-date symlink: /home/harsh/ros2_ws/install/mars/share/mars/description/arm/meshes/wrist_roll_so101_v1.stl
[3.115s] -- Up-to-date symlink: /home/harsh/ros2_ws/install/mars/share/mars/description/arm/so101.xacro
[3.115s] -- Up-to-date symlink: /home/harsh/ros2_ws/install/mars/share/mars/description/arm/so101_arm.xacro
[3.154s] -- Up-to-date symlink: /home/harsh/ros2_ws/install/mars/share/mars/description/arm/so101_end_effector.xacro
[3.154s] -- Up-to-date symlink: /home/harsh/ros2_ws/install/mars/share/mars/description/robot.gazebo
[3.154s] -- Up-to-date symlink: /home/harsh/ros2_ws/install/mars/share/mars/description/robot.xacro
[3.155s] -- Up-to-date symlink: /home/harsh/ros2_ws/install/mars/share/mars/config/bridge_parameters.yaml
[3.156s] -- Up-to-date symlink: /home/harsh/ros2_ws/install/mars/share/mars/config/mapper_params_online_async.yaml
[3.156s] -- Up-to-date symlink: /home/harsh/ros2_ws/install/mars/share/mars/config/nav2_params.yaml
[3.156s] -- Up-to-date symlink: /home/harsh/ros2_ws/install/mars/share/mars/config/warehouse_locations.yaml
[3.157s] -- Up-to-date symlink: /home/harsh/ros2_ws/install/mars/share/mars/maps/mars_warehouse.pgm
[3.157s] -- Up-to-date symlink: /home/harsh/ros2_ws/install/mars/share/mars/maps/mars_warehouse.yaml
[3.157s] -- Up-to-date symlink: /home/harsh/ros2_ws/install/mars/share/mars/maps/my_clean_room.pgm
[3.157s] -- Up-to-date symlink: /home/harsh/ros2_ws/install/mars/share/mars/maps/my_clean_room.yaml
[3.158s] -- Up-to-date symlink: /home/harsh/ros2_ws/install/mars/share/mars/worlds/obstacles.world
[3.159s] -- Up-to-date symlink: /home/harsh/ros2_ws/install/mars/share/mars/worlds/textures/qr_APPLE001.png
[3.159s] -- Up-to-date symlink: /home/harsh/ros2_ws/install/mars/share/mars/worlds/textures/qr_BANANA001.png
[3.174s] -- Up-to-date symlink: /home/harsh/ros2_ws/install/mars/share/mars/worlds/textures/qr_GRAPES001.png
[3.175s] -- Up-to-date symlink: /home/harsh/ros2_ws/install/mars/share/ament_index/resource_index/package_run_dependencies/mars
[3.176s] -- Up-to-date symlink: /home/harsh/ros2_ws/install/mars/share/ament_index/resource_index/parent_prefix_path/mars
[3.176s] -- Up-to-date symlink: /home/harsh/ros2_ws/install/mars/share/mars/environment/ament_prefix_path.sh
[3.177s] -- Up-to-date symlink: /home/harsh/ros2_ws/install/mars/share/mars/environment/ament_prefix_path.dsv
[3.177s] -- Up-to-date symlink: /home/harsh/ros2_ws/install/mars/share/mars/environment/path.sh
[3.177s] -- Up-to-date symlink: /home/harsh/ros2_ws/install/mars/share/mars/environment/path.dsv
[3.178s] -- Up-to-date symlink: /home/harsh/ros2_ws/install/mars/share/mars/local_setup.bash
[3.178s] -- Up-to-date symlink: /home/harsh/ros2_ws/install/mars/share/mars/local_setup.sh
[3.178s] -- Up-to-date symlink: /home/harsh/ros2_ws/install/mars/share/mars/local_setup.zsh
[3.179s] -- Up-to-date symlink: /home/harsh/ros2_ws/install/mars/share/mars/local_setup.dsv
[3.179s] -- Symlinking: /home/harsh/ros2_ws/install/mars/share/mars/package.dsv
[3.191s] -- Up-to-date symlink: /home/harsh/ros2_ws/install/mars/share/ament_index/resource_index/packages/mars
[3.191s] -- Up-to-date symlink: /home/harsh/ros2_ws/install/mars/share/mars/cmake/marsConfig.cmake
[3.192s] -- Up-to-date symlink: /home/harsh/ros2_ws/install/mars/share/mars/cmake/marsConfig-version.cmake
[3.192s] -- Up-to-date symlink: /home/harsh/ros2_ws/install/mars/share/mars/package.xml
[3.194s] Invoked command in '/home/harsh/ros2_ws/build/mars' returned '0': CMAKE_PREFIX_PATH=${CMAKE_PREFIX_PATH}:/opt/ros/jazzy DEBUGINFOD_URLS=https://debuginfod.ubuntu.com /usr/bin/cmake --install /home/harsh/ros2_ws/build/mars
