[1.088s] Invoking command in '/home/harsh/ros2_ws/build/mars_orders': DEBUGINFOD_URLS=https://debuginfod.ubuntu.com PYTHONPATH=/home/harsh/ros2_ws/build/mars_orders/prefix_override:/usr/lib/python3/dist-packages/colcon_core/task/python/colcon_distutils_commands:/home/harsh/ros2_ws/install/mars_orders/lib/python3.12/site-packages:${PYTHONPATH} /usr/bin/python3 -W ignore:setup.py install is deprecated -W ignore:easy_install command is deprecated setup.py develop --editable --build-directory /home/harsh/ros2_ws/build/mars_orders/build --no-deps symlink_data --force
[1.433s] running develop
[1.641s] running egg_info
[1.657s] writing mars_orders.egg-info/PKG-INFO
[1.657s] writing dependency_links to mars_orders.egg-info/dependency_links.txt
[1.658s] writing entry points to mars_orders.egg-info/entry_points.txt
[1.658s] writing requirements to mars_orders.egg-info/requires.txt
[1.658s] writing top-level names to mars_orders.egg-info/top_level.txt
[1.690s] reading manifest file 'mars_orders.egg-info/SOURCES.txt'
[1.691s] writing manifest file 'mars_orders.egg-info/SOURCES.txt'
[1.710s] running build_ext
[1.711s] Creating /home/harsh/ros2_ws/install/mars_orders/lib/python3.12/site-packages/mars-orders.egg-link (link to .)
[1.711s] Installing mock_arm script to /home/harsh/ros2_ws/install/mars_orders/lib/mars_orders
[1.712s] Installing mock_nav script to /home/harsh/ros2_ws/install/mars_orders/lib/mars_orders
[1.712s] Installing order_manager script to /home/harsh/ros2_ws/install/mars_orders/lib/mars_orders
[1.712s] 
[1.712s] Installed /home/harsh/ros2_ws/build/mars_orders
[1.712s] running symlink_data
[1.712s] symbolically linking /home/harsh/ros2_ws/build/mars_orders/resource/mars_orders -> /home/harsh/ros2_ws/install/mars_orders/share/ament_index/resource_index/packages
[1.713s] symbolically linking /home/harsh/ros2_ws/build/mars_orders/package.xml -> /home/harsh/ros2_ws/install/mars_orders/share/mars_orders
[1.713s] symbolically linking /home/harsh/ros2_ws/build/mars_orders/launch/orders.launch.py -> /home/harsh/ros2_ws/install/mars_orders/share/mars_orders/launch
[1.713s] symbolically linking /home/harsh/ros2_ws/build/mars_orders/config/locations.yaml -> /home/harsh/ros2_ws/install/mars_orders/share/mars_orders/config
[1.791s] Invoked command in '/home/harsh/ros2_ws/build/mars_orders' returned '0': DEBUGINFOD_URLS=https://debuginfod.ubuntu.com PYTHONPATH=/home/harsh/ros2_ws/build/mars_orders/prefix_override:/usr/lib/python3/dist-packages/colcon_core/task/python/colcon_distutils_commands:/home/harsh/ros2_ws/install/mars_orders/lib/python3.12/site-packages:${PYTHONPATH} /usr/bin/python3 -W ignore:setup.py install is deprecated -W ignore:easy_install command is deprecated setup.py develop --editable --build-directory /home/harsh/ros2_ws/build/mars_orders/build --no-deps symlink_data --force
