[0.078s] Invoking command in '/home/harsh/ros2_ws/build/mars': CMAKE_PREFIX_PATH=${CMAKE_PREFIX_PATH}:/opt/ros/jazzy DEBUGINFOD_URLS=https://debuginfod.ubuntu.com /usr/bin/cmake /home/harsh/ros2_ws/src/mars -DCMAKE_INSTALL_PREFIX=/home/harsh/ros2_ws/install/mars
[0.166s] -- Found ament_cmake: 2.5.6 (/opt/ros/jazzy/share/ament_cmake/cmake)
[1.348s] -- Override CMake install command with custom implementation using symlinks instead of copying resources
[1.386s] -- Found rclcpp: 28.1.22 (/opt/ros/jazzy/share/rclcpp/cmake)
[1.544s] -- Found rosidl_generator_c: 4.6.9 (/opt/ros/jazzy/share/rosidl_generator_c/cmake)
[1.592s] -- Found rosidl_generator_cpp: 4.6.9 (/opt/ros/jazzy/share/rosidl_generator_cpp/cmake)
[1.654s] -- Using all available rosidl_typesupport_c: rosidl_typesupport_fastrtps_c;rosidl_typesupport_introspection_c
[1.725s] -- Using all available rosidl_typesupport_cpp: rosidl_typesupport_fastrtps_cpp;rosidl_typesupport_introspection_cpp
[2.075s] -- Found rmw_implementation_cmake: 7.3.3 (/opt/ros/jazzy/share/rmw_implementation_cmake/cmake)
[2.083s] -- Found rmw_fastrtps_cpp: 8.4.4 (/opt/ros/jazzy/share/rmw_fastrtps_cpp/cmake)
[2.470s] -- Using RMW implementation 'rmw_fastrtps_cpp' as default
[2.886s] -- Found ament_lint_auto: 0.17.5 (/opt/ros/jazzy/share/ament_lint_auto/cmake)
[3.428s] -- Added test 'flake8' to check Python code syntax and style conventions
[3.428s] -- Configured 'flake8' exclude dirs and/or files: 
[3.433s] -- Added test 'lint_cmake' to check CMake code style
[3.436s] -- Added test 'pep257' to check Python code against some of the docstring style conventions in PEP 257
[3.453s] -- Added test 'xmllint' to check XML markup files
[3.458s] -- Configuring done (3.3s)
[3.484s] -- Generating done (0.0s)
[3.498s] -- Build files have been written to: /home/harsh/ros2_ws/build/mars
[3.534s] Invoked command in '/home/harsh/ros2_ws/build/mars' returned '0': CMAKE_PREFIX_PATH=${CMAKE_PREFIX_PATH}:/opt/ros/jazzy DEBUGINFOD_URLS=https://debuginfod.ubuntu.com /usr/bin/cmake /home/harsh/ros2_ws/src/mars -DCMAKE_INSTALL_PREFIX=/home/harsh/ros2_ws/install/mars
[3.541s] Invoking command in '/home/harsh/ros2_ws/build/mars': CMAKE_PREFIX_PATH=${CMAKE_PREFIX_PATH}:/opt/ros/jazzy DEBUGINFOD_URLS=https://debuginfod.ubuntu.com /usr/bin/cmake --build /home/harsh/ros2_ws/build/mars -- -j12 -l12
[3.799s] Invoked command in '/home/harsh/ros2_ws/build/mars' returned '0': CMAKE_PREFIX_PATH=${CMAKE_PREFIX_PATH}:/opt/ros/jazzy DEBUGINFOD_URLS=https://debuginfod.ubuntu.com /usr/bin/cmake --build /home/harsh/ros2_ws/build/mars -- -j12 -l12
[3.862s] Invoking command in '/home/harsh/ros2_ws/build/mars': CMAKE_PREFIX_PATH=${CMAKE_PREFIX_PATH}:/opt/ros/jazzy DEBUGINFOD_URLS=https://debuginfod.ubuntu.com /usr/bin/cmake --install /home/harsh/ros2_ws/build/mars
[3.911s] -- Install configuration: ""
[3.913s] -- Execute custom install script
[3.915s] -- Up-to-date symlink: /home/harsh/ros2_ws/install/mars/share/mars/launch/gazebo_model.launch.py
[3.916s] -- Up-to-date symlink: /home/harsh/ros2_ws/install/mars/share/mars/launch/navigation.launch.py
[3.916s] -- Up-to-date symlink: /home/harsh/ros2_ws/install/mars/share/mars/launch/slam_mapping.launch.py
[3.919s] -- Up-to-date symlink: /home/harsh/ros2_ws/install/mars/share/mars/description/arm/macros.xacro
[3.920s] -- Up-to-date symlink: /home/harsh/ros2_ws/install/mars/share/mars/description/arm/meshes/base_motor_holder_so101_v1.stl
[3.920s] -- Up-to-date symlink: /home/harsh/ros2_ws/install/mars/share/mars/description/arm/meshes/base_so101_v2.stl
[3.921s] -- Up-to-date symlink: /home/harsh/ros2_ws/install/mars/share/mars/description/arm/meshes/handle_so101_v1.stl
[3.922s] -- Up-to-date symlink: /home/harsh/ros2_ws/install/mars/share/mars/description/arm/meshes/motor_holder_so101_base_v1.stl
[3.922s] -- Up-to-date symlink: /home/harsh/ros2_ws/install/mars/share/mars/description/arm/meshes/motor_holder_so101_wrist_v1.stl
[3.923s] -- Up-to-date symlink: /home/harsh/ros2_ws/install/mars/share/mars/description/arm/meshes/moving_jaw_so101_v1.stl
[3.924s] -- Up-to-date symlink: /home/harsh/ros2_ws/install/mars/share/mars/description/arm/meshes/rotation_pitch_so101_v1.stl
[3.925s] -- Up-to-date symlink: /home/harsh/ros2_ws/install/mars/share/mars/description/arm/meshes/sts3215_03a_no_horn_v1.stl
[3.927s] -- Up-to-date symlink: /home/harsh/ros2_ws/install/mars/share/mars/description/arm/meshes/sts3215_03a_v1.stl
[3.927s] -- Up-to-date symlink: /home/harsh/ros2_ws/install/mars/share/mars/description/arm/meshes/trigger_so101_v1.stl
[3.928s] -- Up-to-date symlink: /home/harsh/ros2_ws/install/mars/share/mars/description/arm/meshes/under_arm_so101_v1.stl
[3.928s] -- Up-to-date symlink: /home/harsh/ros2_ws/install/mars/share/mars/description/arm/meshes/upper_arm_so101_v1.stl
[3.929s] -- Up-to-date symlink: /home/harsh/ros2_ws/install/mars/share/mars/description/arm/meshes/waveshare_mounting_plate_so101_v2.stl
[3.930s] -- Up-to-date symlink: /home/harsh/ros2_ws/install/mars/share/mars/description/arm/meshes/wrist_roll_follower_so101_v1.stl
[3.930s] -- Up-to-date symlink: /home/harsh/ros2_ws/install/mars/share/mars/description/arm/meshes/wrist_roll_pitch_so101_v2.stl
[3.931s] -- Up-to-date symlink: /home/harsh/ros2_ws/install/mars/share/mars/description/arm/meshes/wrist_roll_so101_v1.stl
[3.932s] -- Up-to-date symlink: /home/harsh/ros2_ws/install/mars/share/mars/description/arm/so101.xacro
[3.932s] -- Up-to-date symlink: /home/harsh/ros2_ws/install/mars/share/mars/description/arm/so101_arm.xacro
[3.933s] -- Up-to-date symlink: /home/harsh/ros2_ws/install/mars/share/mars/description/arm/so101_end_effector.xacro
[3.933s] -- Up-to-date symlink: /home/harsh/ros2_ws/install/mars/share/mars/description/robot.gazebo
[3.934s] -- Up-to-date symlink: /home/harsh/ros2_ws/install/mars/share/mars/description/robot.xacro
[3.936s] -- Up-to-date symlink: /home/harsh/ros2_ws/install/mars/share/mars/config/bridge_parameters.yaml
[3.936s] -- Up-to-date symlink: /home/harsh/ros2_ws/install/mars/share/mars/config/mapper_params_online_async.yaml
[3.937s] -- Up-to-date symlink: /home/harsh/ros2_ws/install/mars/share/mars/config/nav2_params.yaml
[3.937s] -- Up-to-date symlink: /home/harsh/ros2_ws/install/mars/share/mars/config/warehouse_locations.yaml
[3.938s] -- Up-to-date symlink: /home/harsh/ros2_ws/install/mars/share/mars/maps/mars_warehouse.pgm
[3.939s] -- Up-to-date symlink: /home/harsh/ros2_ws/install/mars/share/mars/maps/mars_warehouse.yaml
[3.940s] -- Up-to-date symlink: /home/harsh/ros2_ws/install/mars/share/mars/maps/my_clean_room.pgm
[3.940s] -- Up-to-date symlink: /home/harsh/ros2_ws/install/mars/share/mars/maps/my_clean_room.yaml
[3.941s] -- Up-to-date symlink: /home/harsh/ros2_ws/install/mars/share/mars/worlds/obstacles.world
[3.942s] -- Up-to-date symlink: /home/harsh/ros2_ws/install/mars/share/mars/worlds/textures/qr_APPLE001.png
[3.943s] -- Up-to-date symlink: /home/harsh/ros2_ws/install/mars/share/mars/worlds/textures/qr_BANANA001.png
[3.943s] -- Up-to-date symlink: /home/harsh/ros2_ws/install/mars/share/mars/worlds/textures/qr_GRAPES001.png
[3.944s] -- Up-to-date symlink: /home/harsh/ros2_ws/install/mars/share/ament_index/resource_index/package_run_dependencies/mars
[3.945s] -- Up-to-date symlink: /home/harsh/ros2_ws/install/mars/share/ament_index/resource_index/parent_prefix_path/mars
[3.946s] -- Up-to-date symlink: /home/harsh/ros2_ws/install/mars/share/mars/environment/ament_prefix_path.sh
[3.947s] -- Up-to-date symlink: /home/harsh/ros2_ws/install/mars/share/mars/environment/ament_prefix_path.dsv
[3.947s] -- Up-to-date symlink: /home/harsh/ros2_ws/install/mars/share/mars/environment/path.sh
[3.948s] -- Up-to-date symlink: /home/harsh/ros2_ws/install/mars/share/mars/environment/path.dsv
[3.949s] -- Up-to-date symlink: /home/harsh/ros2_ws/install/mars/share/mars/local_setup.bash
[3.950s] -- Up-to-date symlink: /home/harsh/ros2_ws/install/mars/share/mars/local_setup.sh
[3.950s] -- Up-to-date symlink: /home/harsh/ros2_ws/install/mars/share/mars/local_setup.zsh
[3.951s] -- Up-to-date symlink: /home/harsh/ros2_ws/install/mars/share/mars/local_setup.dsv
[3.952s] -- Symlinking: /home/harsh/ros2_ws/install/mars/share/mars/package.dsv
[4.012s] -- Up-to-date symlink: /home/harsh/ros2_ws/install/mars/share/ament_index/resource_index/packages/mars
[4.013s] -- Up-to-date symlink: /home/harsh/ros2_ws/install/mars/share/mars/cmake/marsConfig.cmake
[4.014s] -- Up-to-date symlink: /home/harsh/ros2_ws/install/mars/share/mars/cmake/marsConfig-version.cmake
[4.015s] -- Up-to-date symlink: /home/harsh/ros2_ws/install/mars/share/mars/package.xml
[4.027s] Invoked command in '/home/harsh/ros2_ws/build/mars' returned '0': CMAKE_PREFIX_PATH=${CMAKE_PREFIX_PATH}:/opt/ros/jazzy DEBUGINFOD_URLS=https://debuginfod.ubuntu.com /usr/bin/cmake --install /home/harsh/ros2_ws/build/mars
