[5.325s] Invoking command in '/home/harsh/ros2_ws/src/mars_orders': DEBUGINFOD_URLS=https://debuginfod.ubuntu.com PYTHONPATH=/home/harsh/ros2_ws/build/mars_orders/prefix_override:/usr/lib/python3/dist-packages/colcon_core/task/python/colcon_distutils_commands:/home/harsh/ros2_ws/install/mars_orders/lib/python3.12/site-packages:${PYTHONPATH} /usr/bin/python3 -W ignore:setup.py install is deprecated -W ignore:easy_install command is deprecated setup.py egg_info --egg-base ../../build/mars_orders build --build-base /home/harsh/ros2_ws/build/mars_orders/build install --record /home/harsh/ros2_ws/build/mars_orders/install.log --install-scripts $base/lib/mars_orders --single-version-externally-managed install_data
[5.668s] running egg_info
[5.694s] writing ../../build/mars_orders/mars_orders.egg-info/PKG-INFO
[5.711s] writing dependency_links to ../../build/mars_orders/mars_orders.egg-info/dependency_links.txt
[5.711s] writing entry points to ../../build/mars_orders/mars_orders.egg-info/entry_points.txt
[5.712s] writing requirements to ../../build/mars_orders/mars_orders.egg-info/requires.txt
[5.712s] writing top-level names to ../../build/mars_orders/mars_orders.egg-info/top_level.txt
[5.764s] reading manifest file '../../build/mars_orders/mars_orders.egg-info/SOURCES.txt'
[5.782s] writing manifest file '../../build/mars_orders/mars_orders.egg-info/SOURCES.txt'
[5.782s] running build
[5.782s] running build_py
[5.784s] running install
[5.792s] running install_lib
[5.822s] running install_data
[5.823s] running install_egg_info
[5.853s] removing '/home/harsh/ros2_ws/install/mars_orders/lib/python3.12/site-packages/mars_orders-0.1.0-py3.12.egg-info' (and everything under it)
[5.853s] Copying ../../build/mars_orders/mars_orders.egg-info to /home/harsh/ros2_ws/install/mars_orders/lib/python3.12/site-packages/mars_orders-0.1.0-py3.12.egg-info
[5.868s] running install_scripts
[6.054s] Installing mock_arm script to /home/harsh/ros2_ws/install/mars_orders/lib/mars_orders
[6.055s] Installing mock_nav script to /home/harsh/ros2_ws/install/mars_orders/lib/mars_orders
[6.055s] Installing order_manager script to /home/harsh/ros2_ws/install/mars_orders/lib/mars_orders
[6.056s] writing list of installed files to '/home/harsh/ros2_ws/build/mars_orders/install.log'
[6.101s] Invoked command in '/home/harsh/ros2_ws/src/mars_orders' returned '0': DEBUGINFOD_URLS=https://debuginfod.ubuntu.com PYTHONPATH=/home/harsh/ros2_ws/build/mars_orders/prefix_override:/usr/lib/python3/dist-packages/colcon_core/task/python/colcon_distutils_commands:/home/harsh/ros2_ws/install/mars_orders/lib/python3.12/site-packages:${PYTHONPATH} /usr/bin/python3 -W ignore:setup.py install is deprecated -W ignore:easy_install command is deprecated setup.py egg_info --egg-base ../../build/mars_orders build --build-base /home/harsh/ros2_ws/build/mars_orders/build install --record /home/harsh/ros2_ws/build/mars_orders/install.log --install-scripts $base/lib/mars_orders --single-version-externally-managed install_data
