[0.067s] Invoking command in '/home/harsh/ros2_ws/build/mars': CMAKE_PREFIX_PATH=${CMAKE_PREFIX_PATH}:/opt/ros/jazzy DEBUGINFOD_URLS=https://debuginfod.ubuntu.com /usr/bin/cmake --build /home/harsh/ros2_ws/build/mars -- -j12 -l12
[0.986s] Invoked command in '/home/harsh/ros2_ws/build/mars' returned '0': CMAKE_PREFIX_PATH=${CMAKE_PREFIX_PATH}:/opt/ros/jazzy DEBUGINFOD_URLS=https://debuginfod.ubuntu.com /usr/bin/cmake --build /home/harsh/ros2_ws/build/mars -- -j12 -l12
[1.022s] Invoking command in '/home/harsh/ros2_ws/build/mars': CMAKE_PREFIX_PATH=${CMAKE_PREFIX_PATH}:/opt/ros/jazzy DEBUGINFOD_URLS=https://debuginfod.ubuntu.com /usr/bin/cmake --install /home/harsh/ros2_ws/build/mars
[1.049s] -- Install configuration: ""
[1.076s] -- Execute custom install script
[1.077s] -- Up-to-date symlink: /home/harsh/ros2_ws/install/mars/share/mars/launch/gazebo_model.launch.py
[1.077s] -- Up-to-date symlink: /home/harsh/ros2_ws/install/mars/share/mars/launch/navigation.launch.py
[1.077s] -- Up-to-date symlink: /home/harsh/ros2_ws/install/mars/share/mars/launch/slam_mapping.launch.py
[1.078s] -- Up-to-date symlink: /home/harsh/ros2_ws/install/mars/share/mars/description/arm/macros.xacro
[1.078s] -- Up-to-date symlink: /home/harsh/ros2_ws/install/mars/share/mars/description/arm/meshes/base_motor_holder_so101_v1.stl
[1.078s] -- Up-to-date symlink: /home/harsh/ros2_ws/install/mars/share/mars/description/arm/meshes/base_so101_v2.stl
[1.078s] -- Up-to-date symlink: /home/harsh/ros2_ws/install/mars/share/mars/description/arm/meshes/handle_so101_v1.stl
[1.078s] -- Up-to-date symlink: /home/harsh/ros2_ws/install/mars/share/mars/description/arm/meshes/motor_holder_so101_base_v1.stl
[1.078s] -- Up-to-date symlink: /home/harsh/ros2_ws/install/mars/share/mars/description/arm/meshes/motor_holder_so101_wrist_v1.stl
[1.078s] -- Up-to-date symlink: /home/harsh/ros2_ws/install/mars/share/mars/description/arm/meshes/moving_jaw_so101_v1.stl
[1.078s] -- Up-to-date symlink: /home/harsh/ros2_ws/install/mars/share/mars/description/arm/meshes/rotation_pitch_so101_v1.stl
[1.078s] -- Up-to-date symlink: /home/harsh/ros2_ws/install/mars/share/mars/description/arm/meshes/sts3215_03a_no_horn_v1.stl
[1.079s] -- Up-to-date symlink: /home/harsh/ros2_ws/install/mars/share/mars/description/arm/meshes/sts3215_03a_v1.stl
[1.079s] -- Up-to-date symlink: /home/harsh/ros2_ws/install/mars/share/mars/description/arm/meshes/trigger_so101_v1.stl
[1.079s] -- Up-to-date symlink: /home/harsh/ros2_ws/install/mars/share/mars/description/arm/meshes/under_arm_so101_v1.stl
[1.079s] -- Up-to-date symlink: /home/harsh/ros2_ws/install/mars/share/mars/description/arm/meshes/upper_arm_so101_v1.stl
[1.079s] -- Up-to-date symlink: /home/harsh/ros2_ws/install/mars/share/mars/description/arm/meshes/waveshare_mounting_plate_so101_v2.stl
[1.079s] -- Up-to-date symlink: /home/harsh/ros2_ws/install/mars/share/mars/description/arm/meshes/wrist_roll_follower_so101_v1.stl
[1.079s] -- Up-to-date symlink: /home/harsh/ros2_ws/install/mars/share/mars/description/arm/meshes/wrist_roll_pitch_so101_v2.stl
[1.080s] -- Up-to-date symlink: /home/harsh/ros2_ws/install/mars/share/mars/description/arm/meshes/wrist_roll_so101_v1.stl
[1.080s] -- Up-to-date symlink: /home/harsh/ros2_ws/install/mars/share/mars/description/arm/so101.xacro
[1.080s] -- Up-to-date symlink: /home/harsh/ros2_ws/install/mars/share/mars/description/arm/so101_arm.xacro
[1.080s] -- Up-to-date symlink: /home/harsh/ros2_ws/install/mars/share/mars/description/arm/so101_end_effector.xacro
[1.081s] -- Up-to-date symlink: /home/harsh/ros2_ws/install/mars/share/mars/description/robot.gazebo
[1.081s] -- Up-to-date symlink: /home/harsh/ros2_ws/install/mars/share/mars/description/robot.xacro
[1.081s] -- Up-to-date symlink: /home/harsh/ros2_ws/install/mars/share/mars/config/bridge_parameters.yaml
[1.081s] -- Symlinking: /home/harsh/ros2_ws/install/mars/share/mars/config/locations.yaml
[1.094s] -- Up-to-date symlink: /home/harsh/ros2_ws/install/mars/share/mars/config/mapper_params_online_async.yaml
[1.094s] -- Up-to-date symlink: /home/harsh/ros2_ws/install/mars/share/mars/config/nav2_params.yaml
[1.095s] -- Up-to-date symlink: /home/harsh/ros2_ws/install/mars/share/mars/config/warehouse_locations.yaml
[1.095s] -- Up-to-date symlink: /home/harsh/ros2_ws/install/mars/share/mars/maps/mars_warehouse.pgm
[1.095s] -- Up-to-date symlink: /home/harsh/ros2_ws/install/mars/share/mars/maps/mars_warehouse.yaml
[1.095s] -- Up-to-date symlink: /home/harsh/ros2_ws/install/mars/share/mars/maps/my_clean_room.pgm
[1.095s] -- Up-to-date symlink: /home/harsh/ros2_ws/install/mars/share/mars/maps/my_clean_room.yaml
[1.095s] -- Up-to-date symlink: /home/harsh/ros2_ws/install/mars/share/mars/worlds/obstacles.world
[1.095s] -- Up-to-date symlink: /home/harsh/ros2_ws/install/mars/share/mars/worlds/textures/qr_APPLE001.png
[1.095s] -- Up-to-date symlink: /home/harsh/ros2_ws/install/mars/share/mars/worlds/textures/qr_BANANA001.png
[1.096s] -- Up-to-date symlink: /home/harsh/ros2_ws/install/mars/share/mars/worlds/textures/qr_GRAPES001.png
[1.096s] -- Up-to-date symlink: /home/harsh/ros2_ws/install/mars/share/ament_index/resource_index/package_run_dependencies/mars
[1.096s] -- Up-to-date symlink: /home/harsh/ros2_ws/install/mars/share/ament_index/resource_index/parent_prefix_path/mars
[1.096s] -- Up-to-date symlink: /home/harsh/ros2_ws/install/mars/share/mars/environment/ament_prefix_path.sh
[1.096s] -- Up-to-date symlink: /home/harsh/ros2_ws/install/mars/share/mars/environment/ament_prefix_path.dsv
[1.096s] -- Up-to-date symlink: /home/harsh/ros2_ws/install/mars/share/mars/environment/path.sh
[1.096s] -- Up-to-date symlink: /home/harsh/ros2_ws/install/mars/share/mars/environment/path.dsv
[1.097s] -- Up-to-date symlink: /home/harsh/ros2_ws/install/mars/share/mars/local_setup.bash
[1.097s] -- Up-to-date symlink: /home/harsh/ros2_ws/install/mars/share/mars/local_setup.sh
[1.097s] -- Up-to-date symlink: /home/harsh/ros2_ws/install/mars/share/mars/local_setup.zsh
[1.097s] -- Up-to-date symlink: /home/harsh/ros2_ws/install/mars/share/mars/local_setup.dsv
[1.097s] -- Symlinking: /home/harsh/ros2_ws/install/mars/share/mars/package.dsv
[1.109s] -- Up-to-date symlink: /home/harsh/ros2_ws/install/mars/share/ament_index/resource_index/packages/mars
[1.109s] -- Up-to-date symlink: /home/harsh/ros2_ws/install/mars/share/mars/cmake/marsConfig.cmake
[1.109s] -- Up-to-date symlink: /home/harsh/ros2_ws/install/mars/share/mars/cmake/marsConfig-version.cmake
[1.109s] -- Up-to-date symlink: /home/harsh/ros2_ws/install/mars/share/mars/package.xml
[1.111s] Invoked command in '/home/harsh/ros2_ws/build/mars' returned '0': CMAKE_PREFIX_PATH=${CMAKE_PREFIX_PATH}:/opt/ros/jazzy DEBUGINFOD_URLS=https://debuginfod.ubuntu.com /usr/bin/cmake --install /home/harsh/ros2_ws/build/mars
